// Jest Snapshot v1, https://goo.gl/fbAQLP

exports[`GameController renders correctly with initial state 1`] = `
<div
  class="game-controller"
>
  <div
    class="game-header"
  >
    <button
      class="back-button"
    >
      ‚Üê Back
    </button>
    <div
      class="game-stats"
    >
      <div
        class="oinks"
      >
        <span
          class="oink-icon earned"
        >
          üêΩ
        </span>
        <span
          class="oink-icon empty"
        >
          üêΩ
        </span>
        <span
          class="oink-icon empty"
        >
          üêΩ
        </span>
      </div>
      <div
        class="coins"
      >
        ü™ô 
        0
      </div>
      <div
        class="super-oink"
      >
        üêΩ 
        0
      </div>
    </div>
  </div>
  <div
    class="game-main"
  >
    <div
      class="note-section"
    >
      <div
        data-testid="note-display"
      />
      <div
        class="progress-bar-container"
      >
        <div
          class="progress-label"
        >
          Progress: 
          0
           / 
          10
        </div>
        <div
          class="progress-bar"
        >
          <div
            class="progress-fill"
            style="width: 0%;"
          />
        </div>
      </div>
    </div>
    <div
      class="pig-section"
    >
      <div
        class="pig-mascot idle"
        style="transform: rotate(0deg);"
      >
        <div
          class="pig-body"
        >
          <div
            class="pig-ears"
          >
            <div
              class="ear left"
            />
            <div
              class="ear right"
            />
          </div>
          <div
            class="pig-face"
          >
            <div
              class="eyes"
            >
              <span
                class="eye left"
              >
                ‚Ä¢
              </span>
              <span
                class="eye right"
              >
                ‚Ä¢
              </span>
            </div>
            <div
              class="snout"
            >
              <div
                class="nostril left"
              />
              <div
                class="nostril right"
              />
            </div>
            <div
              class="mouth"
            >
              ·µï
            </div>
          </div>
        </div>
      </div>
    </div>
  </div>
  <div
    class="piano-section"
  >
    <div
      data-testid="piano-keyboard"
    >
      <button
        data-testid="key-C4"
      >
        C4
      </button>
      <button
        data-testid="key-D4"
      >
        D4
      </button>
    </div>
  </div>
</div>
`;
